Kokkos Version: 3.6.0
Compiler:
KOKKOS_COMPILER_APPLECC: 1
KOKKOS_COMPILER_GNU: 1030
Architecture:
Default Device: N6Kokkos6OpenMPE
KOKKOS_ENABLE_ISA_KNC: no
KOKKOS_ENABLE_ISA_POWERPCLE: no
KOKKOS_ENABLE_ISA_X86_64: no
Atomics:
KOKKOS_ENABLE_GNU_ATOMICS: no
KOKKOS_ENABLE_INTEL_ATOMICS: no
KOKKOS_ENABLE_WINDOWS_ATOMICS: no
Vectorization:
KOKKOS_ENABLE_PRAGMA_IVDEP: no
KOKKOS_ENABLE_PRAGMA_LOOPCOUNT: no
KOKKOS_ENABLE_PRAGMA_SIMD: no
KOKKOS_ENABLE_PRAGMA_UNROLL: no
KOKKOS_ENABLE_PRAGMA_VECTOR: no
Memory:
KOKKOS_ENABLE_HBWSPACE: no
KOKKOS_ENABLE_INTEL_MM_ALLOC: no
KOKKOS_ENABLE_POSIX_MEMALIGN: no
Options:
KOKKOS_ENABLE_ASM: yes
KOKKOS_ENABLE_CXX14: yes
KOKKOS_ENABLE_CXX17: no
KOKKOS_ENABLE_CXX20: no
KOKKOS_ENABLE_DEBUG_BOUNDS_CHECK: no
KOKKOS_ENABLE_HWLOC: no
KOKKOS_ENABLE_LIBRT: no
Host Parallel Execution Space:
  KOKKOS_ENABLE_OPENMP: yes
OpenMP Atomics:
  KOKKOS_ENABLE_OPENMP_ATOMICS: no

OpenMP Runtime Configuration:
Kokkos::OpenMP thread_pool_topology[ 1 x 16 x 1 ]

